// Jest Snapshot v1, https://goo.gl/fbAQLP

exports[`Notifications renders nothing with no unread notificatios 1`] = `null`;

exports[`Notifications renders the amount of unread notifications 1`] = `
<View
  accessible={true}
  isTVSelectable={true}
  onResponderGrant={[Function]}
  onResponderMove={[Function]}
  onResponderRelease={[Function]}
  onResponderTerminate={[Function]}
  onResponderTerminationRequest={[Function]}
  onStartShouldSetResponder={[Function]}
  style={
    Object {
      "alignItems": "flex-end",
      "flex": 0,
      "flexDirection": "row",
      "height": 44,
      "justifyContent": "flex-end",
      "opacity": 1,
      "paddingRight": 0,
      "width": 64,
    }
  }
>
  <View
    style={
      Object {
        "alignItems": "center",
        "alignSelf": "center",
        "backgroundColor": "#6A54D1",
        "borderRadius": 12,
        "flex": 0,
        "flexDirection": "row",
        "height": 24,
        "justifyContent": "center",
        "paddingBottom": 0,
        "paddingLeft": 10,
        "paddingRight": 10,
        "paddingTop": 0,
      }
    }
  >
    <Icon
      color="#fff"
      name="ios-notifications-outline"
      size={16}
      style={
        Object {
          "marginRight": 5,
        }
      }
    />
    <Text
      accessible={true}
      allowFontScaling={true}
      ellipsizeMode="tail"
      style={
        Object {
          "color": "#FFFFFF",
          "fontFamily": undefined,
          "fontSize": 13,
        }
      }
    >
      12
    </Text>
  </View>
</View>
`;

exports[`Notifications renders the singular amount of unread notifications 1`] = `
<View
  accessible={true}
  isTVSelectable={true}
  onResponderGrant={[Function]}
  onResponderMove={[Function]}
  onResponderRelease={[Function]}
  onResponderTerminate={[Function]}
  onResponderTerminationRequest={[Function]}
  onStartShouldSetResponder={[Function]}
  style={
    Object {
      "alignItems": "flex-end",
      "flex": 0,
      "flexDirection": "row",
      "height": 44,
      "justifyContent": "flex-end",
      "opacity": 1,
      "paddingRight": 0,
      "width": 64,
    }
  }
>
  <View
    style={
      Object {
        "alignItems": "center",
        "alignSelf": "center",
        "backgroundColor": "#6A54D1",
        "borderRadius": 12,
        "flex": 0,
        "flexDirection": "row",
        "height": 24,
        "justifyContent": "center",
        "paddingBottom": 0,
        "paddingLeft": 10,
        "paddingRight": 10,
        "paddingTop": 0,
      }
    }
  >
    <Icon
      color="#fff"
      name="ios-notifications-outline"
      size={16}
      style={
        Object {
          "marginRight": 5,
        }
      }
    />
    <Text
      accessible={true}
      allowFontScaling={true}
      ellipsizeMode="tail"
      style={
        Object {
          "color": "#FFFFFF",
          "fontFamily": undefined,
          "fontSize": 13,
        }
      }
    >
      1
    </Text>
  </View>
</View>
`;
